# serializer version: 1
# name: test_train_bpe_special_tokens
  dict({
    'merges': list([
      tuple(
        b'h',
        b'e',
      ),
      tuple(
        b' ',
        b't',
      ),
      tuple(
        b' ',
        b'a',
      ),
      tuple(
        b'n',
        b'd',
      ),
      tuple(
        b'e',
        b'd',
      ),
      tuple(
        b' ',
        b'w',
      ),
      tuple(
        b't',
        b't',
      ),
      tuple(
        b'o',
        b'u',
      ),
      tuple(
        b'l',
        b'y',
      ),
      tuple(
        b'h',
        b'i',
      ),
      tuple(
        b'a',
        b'y',
      ),
      tuple(
        b' t',
        b'he',
      ),
      tuple(
        b' ',
        b's',
      ),
      tuple(
        b' ',
        b'i',
      ),
      tuple(
        b' ',
        b'b',
      ),
      tuple(
        b'r',
        b'e',
      ),
      tuple(
        b'l',
        b'o',
      ),
      tuple(
        b'e',
        b'r',
      ),
      tuple(
        b'a',
        b's',
      ),
      tuple(
        b' ',
        b'p',
      ),
      tuple(
        b' ',
        b'f',
      ),
      tuple(
        b' ',
        b'd',
      ),
      tuple(
        b'u',
        b'n',
      ),
      tuple(
        b'i',
        b'ly',
      ),
      tuple(
        b'hi',
        b's',
      ),
      tuple(
        b'e',
        b'n',
      ),
      tuple(
        b'a',
        b't',
      ),
      tuple(
        b'O',
        b'n',
      ),
      tuple(
        b'L',
        b'ily',
      ),
      tuple(
        b' t',
        b'o',
      ),
      tuple(
        b' i',
        b'n',
      ),
      tuple(
        b' ',
        b'he',
      ),
      tuple(
        b' ',
        b'g',
      ),
      tuple(
        b' ',
        b'Lily',
      ),
      tuple(
        b'v',
        b'ed',
      ),
      tuple(
        b'u',
        b'tt',
      ),
      tuple(
        b'utt',
        b'er',
      ),
      tuple(
        b'utter',
        b'f',
      ),
      tuple(
        b'utterf',
        b'ly',
      ),
      tuple(
        b't',
        b'i',
      ),
      tuple(
        b'ou',
        b's',
      ),
      tuple(
        b'ou',
        b'nd',
      ),
      tuple(
        b'o',
        b'w',
      ),
      tuple(
        b'o',
        b'o',
      ),
      tuple(
        b'm',
        b'a',
      ),
      tuple(
        b'ma',
        b'p',
      ),
      tuple(
        b'lo',
        b'ved',
      ),
      tuple(
        b'l',
        b'e',
      ),
      tuple(
        b'l',
        b'ay',
      ),
      tuple(
        b'd',
        b'en',
      ),
      tuple(
        b'a',
        b'x',
      ),
      tuple(
        b'a',
        b'u',
      ),
      tuple(
        b'T',
        b'he',
      ),
      tuple(
        b'S',
        b'he',
      ),
      tuple(
        b'On',
        b'e',
      ),
      tuple(
        b'M',
        b'ax',
      ),
      tuple(
        b'?',
        b'"',
      ),
      tuple(
        b"'",
        b's',
      ),
      tuple(
        b' w',
        b'as',
      ),
      tuple(
        b' s',
        b'un',
      ),
      tuple(
        b' p',
        b'lay',
      ),
      tuple(
        b' i',
        b't',
      ),
      tuple(
        b' f',
        b'ound',
      ),
      tuple(
        b' d',
        b'ay',
      ),
      tuple(
        b' b',
        b'utterfly',
      ),
      tuple(
        b' b',
        b'e',
      ),
      tuple(
        b' a',
        b'nd',
      ),
      tuple(
        b' ',
        b'map',
      ),
      tuple(
        b' ',
        b'loved',
      ),
      tuple(
        b' ',
        b'l',
      ),
      tuple(
        b' ',
        b'his',
      ),
      tuple(
        b' ',
        b'c',
      ),
      tuple(
        b' ',
        b'She',
      ),
      tuple(
        b' ',
        b'One',
      ),
      tuple(
        b' ',
        b'Max',
      ),
      tuple(
        b'x',
        b'p',
      ),
      tuple(
        b'xp',
        b'lo',
      ),
      tuple(
        b'xplo',
        b're',
      ),
      tuple(
        b'w',
        b'er',
      ),
      tuple(
        b'wer',
        b's',
      ),
      tuple(
        b'w',
        b'ay',
      ),
      tuple(
        b'un',
        b'ti',
      ),
      tuple(
        b'unti',
        b'l',
      ),
      tuple(
        b'u',
        b're',
      ),
      tuple(
        b'u',
        b'r',
      ),
      tuple(
        b'ur',
        b'i',
      ),
      tuple(
        b'uri',
        b'ous',
      ),
      tuple(
        b'u',
        b'p',
      ),
      tuple(
        b'up',
        b'o',
      ),
      tuple(
        b'upo',
        b'n',
      ),
      tuple(
        b'u',
        b'l',
      ),
      tuple(
        b'tt',
        b'y',
      ),
      tuple(
        b'tt',
        b'le',
      ),
      tuple(
        b'tt',
        b'i',
      ),
      tuple(
        b'tti',
        b'c',
      ),
      tuple(
        b'ti',
        b'f',
      ),
      tuple(
        b'tif',
        b'ul',
      ),
      tuple(
        b't',
        b'h',
      ),
      tuple(
        b's',
        b'n',
      ),
      tuple(
        b're',
        b'tty',
      ),
      tuple(
        b're',
        b'as',
      ),
      tuple(
        b'reas',
        b'ure',
      ),
      tuple(
        b'r',
        b'ou',
      ),
      tuple(
        b'rou',
        b'g',
      ),
      tuple(
        b'roug',
        b'h',
      ),
      tuple(
        b'r',
        b'l',
      ),
      tuple(
        b'r',
        b'den',
      ),
      tuple(
        b'r',
        b'a',
      ),
      tuple(
        b'ra',
        b'nd',
      ),
      tuple(
        b'rand',
        b'f',
      ),
      tuple(
        b'randf',
        b'at',
      ),
      tuple(
        b'randfat',
        b'he',
      ),
      tuple(
        b'randfathe',
        b'r',
      ),
      tuple(
        b'ow',
        b'n',
      ),
      tuple(
        b'ow',
        b'ed',
      ),
      tuple(
        b'ous',
        b'e',
      ),
      tuple(
        b'oo',
        b'k',
      ),
      tuple(
        b'oo',
        b'd',
      ),
      tuple(
        b'ood',
        b's',
      ),
      tuple(
        b'o',
        b'y',
      ),
      tuple(
        b'o',
        b'nd',
      ),
      tuple(
        b'ond',
        b'er',
      ),
      tuple(
        b'onder',
        b'ed',
      ),
      tuple(
        b'o',
        b'm',
      ),
      tuple(
        b'o',
        b'l',
      ),
      tuple(
        b'ol',
        b'd',
      ),
      tuple(
        b'o',
        b'g',
      ),
      tuple(
        b'n',
        b'y',
      ),
      tuple(
        b'n',
        b'a',
      ),
      tuple(
        b'na',
        b'm',
      ),
      tuple(
        b'nam',
        b'ed',
      ),
      tuple(
        b'm',
        b'e',
      ),
      tuple(
        b'lo',
        b'wers',
      ),
      tuple(
        b'le',
        b'w',
      ),
      tuple(
        b'i',
        b'ttle',
      ),
      tuple(
        b'i',
        b'th',
      ),
      tuple(
        b'i',
        b'rl',
      ),
      tuple(
        b'i',
        b'me',
      ),
      tuple(
        b'i',
        b'd',
      ),
      tuple(
        b'hi',
        b'nd',
      ),
      tuple(
        b'hi',
        b'd',
      ),
      tuple(
        b'hid',
        b'den',
      ),
      tuple(
        b'he',
        b'd',
      ),
      tuple(
        b'h',
        b'rough',
      ),
      tuple(
        b'h',
        b'owed',
      ),
      tuple(
        b'h',
        b'ouse',
      ),
      tuple(
        b'h',
        b'o',
      ),
      tuple(
        b'h',
        b'at',
      ),
      tuple(
        b'h',
        b'as',
      ),
      tuple(
        b'has',
        b'ed',
      ),
      tuple(
        b'g',
        b'hed',
      ),
      tuple(
        b'en',
        b't',
      ),
      tuple(
        b'e',
        b'xplore',
      ),
      tuple(
        b'c',
        b'e',
      ),
      tuple(
        b'au',
        b'tiful',
      ),
      tuple(
        b'au',
        b'ghed',
      ),
      tuple(
        b'at',
        b'h',
      ),
      tuple(
        b'a',
        b'rden',
      ),
      tuple(
        b'a',
        b'id',
      ),
      tuple(
        b'W',
        b'hat',
      ),
      tuple(
        b'T',
        b'om',
      ),
      tuple(
        b'On',
        b'ce',
      ),
      tuple(
        b'L',
        b'ook',
      ),
      tuple(
        b'I',
        b'sn',
      ),
      tuple(
        b"'",
        b't',
      ),
      tuple(
        b'!',
        b'"',
      ),
      tuple(
        b' w',
        b'oods',
      ),
      tuple(
        b' w',
        b'ondered',
      ),
      tuple(
        b' w',
        b'ith',
      ),
      tuple(
        b' w',
        b'ho',
      ),
      tuple(
        b' w',
        b'ent',
      ),
      tuple(
        b' the',
        b're',
      ),
      tuple(
        b' t',
        b'reasure',
      ),
      tuple(
        b' t',
        b'ime',
      ),
      tuple(
        b' t',
        b'hrough',
      ),
      tuple(
        b' t',
        b'his',
      ),
      tuple(
        b' sun',
        b'ny',
      ),
      tuple(
        b' s',
        b'howed',
      ),
      tuple(
        b' s',
        b'he',
      ),
      tuple(
        b' s',
        b'aid',
      ),
      tuple(
        b' play',
        b'ed',
      ),
      tuple(
        b' p',
        b'retty',
      ),
      tuple(
        b' p',
        b'ath',
      ),
      tuple(
        b' l',
        b'ittle',
      ),
      tuple(
        b' l',
        b'aughed',
      ),
      tuple(
        b' he',
        b'r',
      ),
      tuple(
        b' g',
        b'randfather',
      ),
      tuple(
        b' g',
        b'irl',
      ),
      tuple(
        b' g',
        b'arden',
      ),
      tuple(
        b' f',
        b'lowers',
      ),
      tuple(
        b' f',
        b'lew',
      ),
      tuple(
        b' d',
        b'own',
      ),
      tuple(
        b' d',
        b'og',
      ),
      tuple(
        b' c',
        b'urious',
      ),
      tuple(
        b' c',
        b'hased',
      ),
      tuple(
        b' be',
        b'hind',
      ),
      tuple(
        b' be',
        b'autiful',
      ),
      tuple(
        b' b',
        b'oy',
      ),
      tuple(
        b' a',
        b'way',
      ),
      tuple(
        b' a',
        b'ttic',
      ),
      tuple(
        b' a',
        b'n',
      ),
      tuple(
        b' ',
        b'upon',
      ),
      tuple(
        b' ',
        b'until',
      ),
      tuple(
        b' ',
        b'old',
      ),
      tuple(
        b' ',
        b'named',
      ),
      tuple(
        b' ',
        b'house',
      ),
      tuple(
        b' ',
        b'hidden',
      ),
      tuple(
        b' ',
        b'explore',
      ),
      tuple(
        b' ',
        b'"',
      ),
      tuple(
        b'\n',
        b'\n',
      ),
    ]),
    'vocab_keys': set({
      0,
      1,
      2,
      3,
      4,
      5,
      6,
      7,
      8,
      9,
      10,
      11,
      12,
      13,
      14,
      15,
      16,
      17,
      18,
      19,
      20,
      21,
      22,
      23,
      24,
      25,
      26,
      27,
      28,
      29,
      30,
      31,
      32,
      33,
      34,
      35,
      36,
      37,
      38,
      39,
      40,
      41,
      42,
      43,
      44,
      45,
      46,
      47,
      48,
      49,
      50,
      51,
      52,
      53,
      54,
      55,
      56,
      57,
      58,
      59,
      60,
      61,
      62,
      63,
      64,
      65,
      66,
      67,
      68,
      69,
      70,
      71,
      72,
      73,
      74,
      75,
      76,
      77,
      78,
      79,
      80,
      81,
      82,
      83,
      84,
      85,
      86,
      87,
      88,
      89,
      90,
      91,
      92,
      93,
      94,
      95,
      96,
      97,
      98,
      99,
      100,
      101,
      102,
      103,
      104,
      105,
      106,
      107,
      108,
      109,
      110,
      111,
      112,
      113,
      114,
      115,
      116,
      117,
      118,
      119,
      120,
      121,
      122,
      123,
      124,
      125,
      126,
      127,
      128,
      129,
      130,
      131,
      132,
      133,
      134,
      135,
      136,
      137,
      138,
      139,
      140,
      141,
      142,
      143,
      144,
      145,
      146,
      147,
      148,
      149,
      150,
      151,
      152,
      153,
      154,
      155,
      156,
      157,
      158,
      159,
      160,
      161,
      162,
      163,
      164,
      165,
      166,
      167,
      168,
      169,
      170,
      171,
      172,
      173,
      174,
      175,
      176,
      177,
      178,
      179,
      180,
      181,
      182,
      183,
      184,
      185,
      186,
      187,
      188,
      189,
      190,
      191,
      192,
      193,
      194,
      195,
      196,
      197,
      198,
      199,
      200,
      201,
      202,
      203,
      204,
      205,
      206,
      207,
      208,
      209,
      210,
      211,
      212,
      213,
      214,
      215,
      216,
      217,
      218,
      219,
      220,
      221,
      222,
      223,
      224,
      225,
      226,
      227,
      228,
      229,
      230,
      231,
      232,
      233,
      234,
      235,
      236,
      237,
      238,
      239,
      240,
      241,
      242,
      243,
      244,
      245,
      246,
      247,
      248,
      249,
      250,
      251,
      252,
      253,
      254,
      255,
      256,
      257,
      258,
      259,
      260,
      261,
      262,
      263,
      264,
      265,
      266,
      267,
      268,
      269,
      270,
      271,
      272,
      273,
      274,
      275,
      276,
      277,
      278,
      279,
      280,
      281,
      282,
      283,
      284,
      285,
      286,
      287,
      288,
      289,
      290,
      291,
      292,
      293,
      294,
      295,
      296,
      297,
      298,
      299,
      300,
      301,
      302,
      303,
      304,
      305,
      306,
      307,
      308,
      309,
      310,
      311,
      312,
      313,
      314,
      315,
      316,
      317,
      318,
      319,
      320,
      321,
      322,
      323,
      324,
      325,
      326,
      327,
      328,
      329,
      330,
      331,
      332,
      333,
      334,
      335,
      336,
      337,
      338,
      339,
      340,
      341,
      342,
      343,
      344,
      345,
      346,
      347,
      348,
      349,
      350,
      351,
      352,
      353,
      354,
      355,
      356,
      357,
      358,
      359,
      360,
      361,
      362,
      363,
      364,
      365,
      366,
      367,
      368,
      369,
      370,
      371,
      372,
      373,
      374,
      375,
      376,
      377,
      378,
      379,
      380,
      381,
      382,
      383,
      384,
      385,
      386,
      387,
      388,
      389,
      390,
      391,
      392,
      393,
      394,
      395,
      396,
      397,
      398,
      399,
      400,
      401,
      402,
      403,
      404,
      405,
      406,
      407,
      408,
      409,
      410,
      411,
      412,
      413,
      414,
      415,
      416,
      417,
      418,
      419,
      420,
      421,
      422,
      423,
      424,
      425,
      426,
      427,
      428,
      429,
      430,
      431,
      432,
      433,
      434,
      435,
      436,
      437,
      438,
      439,
      440,
      441,
      442,
      443,
      444,
      445,
      446,
      447,
      448,
      449,
      450,
      451,
      452,
      453,
      454,
      455,
      456,
      457,
      458,
      459,
      460,
      461,
      462,
      463,
      464,
      465,
      466,
    }),
    'vocab_values': set({
      b'\x00',
      b'\x01',
      b'\x02',
      b'\x03',
      b'\x04',
      b'\x05',
      b'\x06',
      b'\x07',
      b'\x08',
      b'\t',
      b'\n',
      b'\n\n',
      b'\x0b',
      b'\x0c',
      b'\r',
      b'\x0e',
      b'\x0f',
      b'\x10',
      b'\x11',
      b'\x12',
      b'\x13',
      b'\x14',
      b'\x15',
      b'\x16',
      b'\x17',
      b'\x18',
      b'\x19',
      b'\x1a',
      b'\x1b',
      b'\x1c',
      b'\x1d',
      b'\x1e',
      b'\x1f',
      b' ',
      b' "',
      b' Lily',
      b' Max',
      b' One',
      b' She',
      b' a',
      b' an',
      b' and',
      b' attic',
      b' away',
      b' b',
      b' be',
      b' beautiful',
      b' behind',
      b' boy',
      b' butterfly',
      b' c',
      b' chased',
      b' curious',
      b' d',
      b' day',
      b' dog',
      b' down',
      b' explore',
      b' f',
      b' flew',
      b' flowers',
      b' found',
      b' g',
      b' garden',
      b' girl',
      b' grandfather',
      b' he',
      b' her',
      b' hidden',
      b' his',
      b' house',
      b' i',
      b' in',
      b' it',
      b' l',
      b' laughed',
      b' little',
      b' loved',
      b' map',
      b' named',
      b' old',
      b' p',
      b' path',
      b' play',
      b' played',
      b' pretty',
      b' s',
      b' said',
      b' she',
      b' showed',
      b' sun',
      b' sunny',
      b' t',
      b' the',
      b' there',
      b' this',
      b' through',
      b' time',
      b' to',
      b' treasure',
      b' until',
      b' upon',
      b' w',
      b' was',
      b' went',
      b' who',
      b' with',
      b' wondered',
      b' woods',
      b'!',
      b'!"',
      b'"',
      b'#',
      b'$',
      b'%',
      b'&',
      b"'",
      b"'s",
      b"'t",
      b'(',
      b')',
      b'*',
      b'+',
      b',',
      b'-',
      b'.',
      b'/',
      b'0',
      b'1',
      b'2',
      b'3',
      b'4',
      b'5',
      b'6',
      b'7',
      b'8',
      b'9',
      b':',
      b';',
      b'<',
      b'<|endoftext|>',
      b'=',
      b'>',
      b'?',
      b'?"',
      b'@',
      b'A',
      b'B',
      b'C',
      b'D',
      b'E',
      b'F',
      b'G',
      b'H',
      b'I',
      b'Isn',
      b'J',
      b'K',
      b'L',
      b'Lily',
      b'Look',
      b'M',
      b'Max',
      b'N',
      b'O',
      b'On',
      b'Once',
      b'One',
      b'P',
      b'Q',
      b'R',
      b'S',
      b'She',
      b'T',
      b'The',
      b'Tom',
      b'U',
      b'V',
      b'W',
      b'What',
      b'X',
      b'Y',
      b'Z',
      b'[',
      b'\\',
      b']',
      b'^',
      b'_',
      b'`',
      b'a',
      b'aid',
      b'arden',
      b'as',
      b'at',
      b'ath',
      b'au',
      b'aughed',
      b'autiful',
      b'ax',
      b'ay',
      b'b',
      b'c',
      b'ce',
      b'd',
      b'den',
      b'e',
      b'ed',
      b'en',
      b'ent',
      b'er',
      b'explore',
      b'f',
      b'g',
      b'ghed',
      b'h',
      b'has',
      b'hased',
      b'hat',
      b'he',
      b'hed',
      b'hi',
      b'hid',
      b'hidden',
      b'hind',
      b'his',
      b'ho',
      b'house',
      b'howed',
      b'hrough',
      b'i',
      b'id',
      b'ily',
      b'ime',
      b'irl',
      b'ith',
      b'ittle',
      b'j',
      b'k',
      b'l',
      b'lay',
      b'le',
      b'lew',
      b'lo',
      b'loved',
      b'lowers',
      b'ly',
      b'm',
      b'ma',
      b'map',
      b'me',
      b'n',
      b'na',
      b'nam',
      b'named',
      b'nd',
      b'ny',
      b'o',
      b'og',
      b'ol',
      b'old',
      b'om',
      b'ond',
      b'onder',
      b'ondered',
      b'oo',
      b'ood',
      b'oods',
      b'ook',
      b'ou',
      b'ound',
      b'ous',
      b'ouse',
      b'ow',
      b'owed',
      b'own',
      b'oy',
      b'p',
      b'q',
      b'r',
      b'ra',
      b'rand',
      b'randf',
      b'randfat',
      b'randfathe',
      b'randfather',
      b'rden',
      b're',
      b'reas',
      b'reasure',
      b'retty',
      b'rl',
      b'rou',
      b'roug',
      b'rough',
      b's',
      b'sn',
      b't',
      b'th',
      b'ti',
      b'tif',
      b'tiful',
      b'tt',
      b'tti',
      b'ttic',
      b'ttle',
      b'tty',
      b'u',
      b'ul',
      b'un',
      b'unti',
      b'until',
      b'up',
      b'upo',
      b'upon',
      b'ur',
      b'ure',
      b'uri',
      b'urious',
      b'utt',
      b'utter',
      b'utterf',
      b'utterfly',
      b'v',
      b'ved',
      b'w',
      b'way',
      b'wer',
      b'wers',
      b'x',
      b'xp',
      b'xplo',
      b'xplore',
      b'y',
      b'z',
      b'{',
      b'|',
      b'}',
      b'~',
      b'\x7f',
      b'\x80',
      b'\x81',
      b'\x82',
      b'\x83',
      b'\x84',
      b'\x85',
      b'\x86',
      b'\x87',
      b'\x88',
      b'\x89',
      b'\x8a',
      b'\x8b',
      b'\x8c',
      b'\x8d',
      b'\x8e',
      b'\x8f',
      b'\x90',
      b'\x91',
      b'\x92',
      b'\x93',
      b'\x94',
      b'\x95',
      b'\x96',
      b'\x97',
      b'\x98',
      b'\x99',
      b'\x9a',
      b'\x9b',
      b'\x9c',
      b'\x9d',
      b'\x9e',
      b'\x9f',
      b'\xa0',
      b'\xa1',
      b'\xa2',
      b'\xa3',
      b'\xa4',
      b'\xa5',
      b'\xa6',
      b'\xa7',
      b'\xa8',
      b'\xa9',
      b'\xaa',
      b'\xab',
      b'\xac',
      b'\xad',
      b'\xae',
      b'\xaf',
      b'\xb0',
      b'\xb1',
      b'\xb2',
      b'\xb3',
      b'\xb4',
      b'\xb5',
      b'\xb6',
      b'\xb7',
      b'\xb8',
      b'\xb9',
      b'\xba',
      b'\xbb',
      b'\xbc',
      b'\xbd',
      b'\xbe',
      b'\xbf',
      b'\xc0',
      b'\xc1',
      b'\xc2',
      b'\xc3',
      b'\xc4',
      b'\xc5',
      b'\xc6',
      b'\xc7',
      b'\xc8',
      b'\xc9',
      b'\xca',
      b'\xcb',
      b'\xcc',
      b'\xcd',
      b'\xce',
      b'\xcf',
      b'\xd0',
      b'\xd1',
      b'\xd2',
      b'\xd3',
      b'\xd4',
      b'\xd5',
      b'\xd6',
      b'\xd7',
      b'\xd8',
      b'\xd9',
      b'\xda',
      b'\xdb',
      b'\xdc',
      b'\xdd',
      b'\xde',
      b'\xdf',
      b'\xe0',
      b'\xe1',
      b'\xe2',
      b'\xe3',
      b'\xe4',
      b'\xe5',
      b'\xe6',
      b'\xe7',
      b'\xe8',
      b'\xe9',
      b'\xea',
      b'\xeb',
      b'\xec',
      b'\xed',
      b'\xee',
      b'\xef',
      b'\xf0',
      b'\xf1',
      b'\xf2',
      b'\xf3',
      b'\xf4',
      b'\xf5',
      b'\xf6',
      b'\xf7',
      b'\xf8',
      b'\xf9',
      b'\xfa',
      b'\xfb',
      b'\xfc',
      b'\xfd',
      b'\xfe',
      b'\xff',
    }),
  })
# ---
